ios/TacticalGo/Models/KayKit-CC0-License.txt:1: trailing whitespace.
+	
ios/TacticalGo/Models/KayKit-CC0-License.txt:2: trailing whitespace.
+
ios/TacticalGo/Models/KayKit-CC0-License.txt:3: trailing whitespace.
+	KayKit : Adventurers Character Pack (2.0)
ios/TacticalGo/Models/KayKit-CC0-License.txt:4: trailing whitespace.
+
ios/TacticalGo/Models/KayKit-CC0-License.txt:5: trailing whitespace.
+	Created/distributed by Kay Lousberg (www.kaylousberg.com)
ios/TacticalGo/Models/KayKit-CC0-License.txt:6: trailing whitespace.
+	Creation date: 22/10/2025 09:00
ios/TacticalGo/Models/KayKit-CC0-License.txt:7: trailing whitespace.
+
ios/TacticalGo/Models/KayKit-CC0-License.txt:8: trailing whitespace.
+			------------------------------
ios/TacticalGo/Models/KayKit-CC0-License.txt:9: trailing whitespace.
+
ios/TacticalGo/Models/KayKit-CC0-License.txt:10: trailing whitespace.
+	License: (Creative Commons Zero, CC0)
ios/TacticalGo/Models/KayKit-CC0-License.txt:11: trailing whitespace.
+	http://creativecommons.org/publicdomain/zero/1.0/
ios/TacticalGo/Models/KayKit-CC0-License.txt:12: trailing whitespace.
+
ios/TacticalGo/Models/KayKit-CC0-License.txt:13: trailing whitespace.
+	This content is free to use in personal, educational and commercial projects.
ios/TacticalGo/Models/KayKit-CC0-License.txt:14: trailing whitespace.
+	You can support me by purchasing an asset pack at the EXTRA or SOURCE tiers, leaving a donation/tip on itch.io, or joining my Patreon.
ios/TacticalGo/Models/KayKit-CC0-License.txt:15: trailing whitespace.
+	If you wish to credit me you can do so by crediting "Kay Lousberg, www.kaylousberg.com" (this is not mandatory)
ios/TacticalGo/Models/KayKit-CC0-License.txt:16: trailing whitespace.
+
ios/TacticalGo/Models/KayKit-CC0-License.txt:17: trailing whitespace.
+			------------------------------
ios/TacticalGo/Models/KayKit-CC0-License.txt:18: trailing whitespace.
+
ios/TacticalGo/Models/KayKit-CC0-License.txt:19: trailing whitespace.
+	This asset pack is here thanks to all the wonderful people who support KayKit on Patreon and those who buy EXTRA or SOURCE packs on itch.io.
ios/TacticalGo/Models/KayKit-CC0-License.txt:20: trailing whitespace.
+
ios/TacticalGo/Models/KayKit-CC0-License.txt:21: trailing whitespace.
+	And a big, special thank you to my Super Supporters on Patreon:
ios/TacticalGo/Models/KayKit-CC0-License.txt:22: trailing whitespace.
+
ios/TacticalGo/Models/KayKit-CC0-License.txt:23: trailing whitespace.
+	- Brian McBarron
ios/TacticalGo/Models/KayKit-CC0-License.txt:24: trailing whitespace.
+	- Silva
ios/TacticalGo/Models/KayKit-CC0-License.txt:25: trailing whitespace.
+	- Joseph Preston
ios/TacticalGo/Models/KayKit-CC0-License.txt:26: trailing whitespace.
+	- Leon Burkhardt
ios/TacticalGo/Models/KayKit-CC0-License.txt:27: trailing whitespace.
+	- NickyBHobbying
ios/TacticalGo/Models/KayKit-CC0-License.txt:28: trailing whitespace.
+	- Emilia
ios/TacticalGo/Models/KayKit-CC0-License.txt:29: trailing whitespace.
+	- Darren Laing
ios/TacticalGo/Models/KayKit-CC0-License.txt:30: trailing whitespace.
+	- Magic Pig Games
ios/TacticalGo/Models/KayKit-CC0-License.txt:31: trailing whitespace.
+	- Lennart Steinke
ios/TacticalGo/Models/KayKit-CC0-License.txt:32: trailing whitespace.
+	- OWSC
ios/TacticalGo/Models/KayKit-CC0-License.txt:33: trailing whitespace.
+	- tenthtonman
ios/TacticalGo/Models/KayKit-CC0-License.txt:34: trailing whitespace.
+	- Ducain23
ios/TacticalGo/Models/KayKit-CC0-License.txt:35: trailing whitespace.
+	- flo-bit
ios/TacticalGo/Models/KayKit-CC0-License.txt:36: trailing whitespace.
+	- Jezzy Sukaemi
ios/TacticalGo/Models/KayKit-CC0-License.txt:37: trailing whitespace.
+	- Martyn Rushton
ios/TacticalGo/Models/KayKit-CC0-License.txt:38: trailing whitespace.
+	- Joe
ios/TacticalGo/Models/KayKit-CC0-License.txt:39: trailing whitespace.
+	- estee
ios/TacticalGo/Models/KayKit-CC0-License.txt:40: trailing whitespace.
+	- Gustavo
ios/TacticalGo/Models/KayKit-CC0-License.txt:41: trailing whitespace.
+	- AngyZinn
ios/TacticalGo/Models/KayKit-CC0-License.txt:42: trailing whitespace.
+	- Alex Cea
ios/TacticalGo/Models/KayKit-CC0-License.txt:43: trailing whitespace.
+	- Matthew A
ios/TacticalGo/Models/KayKit-CC0-License.txt:44: trailing whitespace.
+	- Stephen Williams
ios/TacticalGo/Models/KayKit-CC0-License.txt:45: trailing whitespace.
+	- Wenpu Ng
ios/TacticalGo/Models/KayKit-CC0-License.txt:46: trailing whitespace.
+	- Kevin
ios/TacticalGo/Models/KayKit-CC0-License.txt:47: trailing whitespace.
+	- Legionof Light
ios/TacticalGo/Models/KayKit-CC0-License.txt:48: trailing whitespace.
+	- Dazusu
ios/TacticalGo/Models/KayKit-CC0-License.txt:49: trailing whitespace.
+	- Arnaud Schlupp
ios/TacticalGo/Models/KayKit-CC0-License.txt:50: trailing whitespace.
+	- JB
ios/TacticalGo/Models/KayKit-CC0-License.txt:51: trailing whitespace.
+	- Neil Castle
ios/TacticalGo/Models/KayKit-CC0-License.txt:52: trailing whitespace.
+	- Cedrico Serbruyns
ios/TacticalGo/Models/KayKit-CC0-License.txt:53: trailing whitespace.
+	- ovenaut
ios/TacticalGo/Models/KayKit-CC0-License.txt:54: trailing whitespace.
+	- Pawel Jarosz
ios/TacticalGo/Models/KayKit-CC0-License.txt:55: trailing whitespace.
+
ios/TacticalGo/Models/KayKit-CC0-License.txt:56: trailing whitespace.
+			------------------------------
ios/TacticalGo/Models/KayKit-CC0-License.txt:57: trailing whitespace.
+
ios/TacticalGo/Models/KayKit-CC0-License.txt:58: trailing whitespace.
+
ios/TacticalGo/Models/KayKit-CC0-License.txt:59: trailing whitespace.
+	Patreon:  http://patreon.com/kaylousberg
ios/TacticalGo/Models/KayKit-CC0-License.txt:60: trailing whitespace.
+
ios/TacticalGo/Models/KayKit-CC0-License.txt:61: trailing whitespace.
+	Follow here for updates:
ios/TacticalGo/Models/KayKit-CC0-License.txt:62: trailing whitespace.
+	http://twitter.com/KayLousberg
ios/TacticalGo/Models/KayKit-CC0-License.txt:63: trailing whitespace.
+	https://mastodon.gamedev.place/@Kay
ios/TacticalGo/PlayableGameView.swift:85: trailing whitespace.
+    
ios/TacticalGo/PlayableGameView.swift:596: new blank line at EOF.
