ply 1: 2-summon:4,3 0.048s
ply 2: 1-place:4,2 / 2-summon:2,3 0.090s
ply 3: 1-place:2,2 / 3-bastion:3,3: 5,2 0.098s
ply 4: 1-place:1,2 / 1-place:3,2 0.143s
ply 5: 1-place:3,1 / 1-place:4,1 0.144s
ply 6: 1-place:2,1 / 1-place:3,2 0.200s
ply 7: 1-place:1,1 / 1-place:2,4 0.171s
ply 8: 1-place:0,1 / 1-place:1,0 0.184s
ply 9: 1-place:1,4 / 3-bastion:3,4: 4,2 0.178s
ply 10: 1-place:3,5 / 1-place:4,4 0.298s
ply 11: 1-place:0,3 / 1-place:2,2 0.224s
ply 12: 1-place:0,2 / 1-place:0,4 0.285s
ply 13: 1-place:4,5 / 3-bastion:2,5: 5,4 0.205s
ply 14: 1-place:3,2 / 4-push:3,4:Down 0.377s
ply 15: 1-place:0,5 / 3-bastion:3,4: 4,6 0.233s
ply 16: 1-place:1,5 / 1-place:0,6 0.554s
ply 17: 1-place:1,6 / 1-place:0,5 0.246s
ply 18: 1-place:5,1 / 4-push:1,4:Right 0.486s
ply 19: 3-bastion:1,4: 6,2 / 1-place:5,0 0.227s
ply 20: 1-place:4,0 / 1-place:6,0 0.396s
ply 21: 3-bastion:3,0: 6,1 / 1-place:2,2 0.223s
ply 22: 1-place:5,6 / 1-place:3,2 0.256s
ply 23: 1-place:5,5 / 1-place:2,2 0.172s
ply 24: 1-place:6,5 / 1-place:3,2 0.416s
ply 25: 1-place:5,0 / 3-bastion:2,0: 6,4 0.232s
ply 26: 1-place:2,2 / 4-push:2,5:Right 0.236s
ply 27: 1-place:2,5 / 1-place:0,3 0.140s
ply 28: 4-push:1,2:Left / 1-place:0,4 0.711s
ply 29: 1-place:6,6 / 1-place:0,3 0.197s
ply 30: 4-push:0,3:Right / 9-end 0.597s
ply 31: 1-place:0,3 / 3-bastion:0,6: 3,6 0.186s
ply 32: 9-end 0.547s
ply 33: 1-place:3,5 / 9-end 0.243s
ply 34: 9-end 0.447s
ply 35: 9-end 0.179s
ply 36: 9-end 0.448s
ply 37: 9-end 0.178s
ply 38: 9-end 0.444s
ply 39: 9-end 0.180s
ply 40: 9-end 0.447s
ply 41: 1-place:6,3 / 9-end 0.178s
ply 42: 9-end 0.349s
ply 43: 9-end 0.129s
ply 44: 9-end 0.355s
ply 45: 9-end 0.129s
ply 46: 9-end 0.356s
ply 47: 9-end 0.129s
ply 48: 9-end 0.353s
ply 49: 9-end 0.130s
ply 50: 9-end 0.353s
ply 51: 9-end 0.128s
ply 52: 9-end 0.350s
ply 53: 9-end 0.129s
ply 54: 9-end 0.352s
ply 55: 9-end 0.129s
ply 56: 9-end 0.348s
ply 57: 9-end 0.128s
ply 58: 9-end 0.360s
ply 59: 9-end 0.178s
ply 60: 9-end 0.372s
ply 61: 9-end 0.130s
ply 62: 9-end 0.355s
ply 63: 9-end 0.129s
ply 64: 9-end 0.354s
ply 65: 9-end 0.128s
ply 66: 9-end 0.349s
ply 67: 9-end 0.128s
ply 68: 9-end 0.348s
ply 69: 9-end 0.127s
ply 70: 9-end 0.353s
ply 71: 9-end 0.128s
ply 72: 9-end 0.353s
ply 73: 9-end 0.129s
ply 74: 9-end 0.351s
ply 75: 9-end 0.128s
ply 76: 9-end 0.351s
ply 77: 9-end 0.128s
ply 78: 9-end 0.353s
ply 79: 9-end 0.129s
ply 80: 9-end 0.358s
ply 81: 9-end 0.129s
ply 82: 9-end 0.408s
ply 83: 9-end 0.145s
ply 84: 9-end 0.353s
ply 85: 9-end 0.129s
ply 86: 9-end 0.362s
ply 87: 9-end 0.130s
ply 88: 9-end 0.353s
ply 89: 9-end 0.130s
ply 90: 9-end 0.353s
ply 91: 9-end 0.128s
ply 92: 9-end 0.351s
ply 93: 9-end 0.130s
ply 94: 9-end 0.359s
ply 95: 9-end 0.130s
ply 96: 9-end 0.353s
ply 97: 9-end 0.128s
ply 98: 9-end 0.350s
ply 99: 1-place:5,6 / 9-end 0.121s
ply 100: 1-place:0,0 / 4-push:2,2:Up 0.009s
